// Jest Snapshot v1, https://goo.gl/fbAQLP

exports[`utils getExtractionPath 1`] = `"/Users/jakebolam/.yvm/versions/vundefined"`;
